[2026-08-22 13:31:41] home/index :: Call to undefined function post_author_icon() in /www/wwwroot/bbs.wuttor.com/templates/home/index.php:73
#0 /www/wwwroot/bbs.wuttor.com/core/View.php(35): include()
#1 /www/wwwroot/bbs.wuttor.com/core/Controller.php(73): View::render()
#2 /www/wwwroot/bbs.wuttor.com/app/Controllers/HomeController.php(80): Controller->view()
#3 [internal function]: HomeController->index()
#4 /www/wwwroot/bbs.wuttor.com/index.php(112): ReflectionMethod->invokeArgs()
#5 {main}
[2026-08-22 13:31:44] home/index :: Call to undefined function post_author_icon() in /www/wwwroot/bbs.wuttor.com/templates/home/index.php:73
#0 /www/wwwroot/bbs.wuttor.com/core/View.php(35): include()
#1 /www/wwwroot/bbs.wuttor.com/core/Controller.php(73): View::render()
#2 /www/wwwroot/bbs.wuttor.com/app/Controllers/HomeController.php(80): Controller->view()
#3 [internal function]: HomeController->index()
#4 /www/wwwroot/bbs.wuttor.com/index.php(112): ReflectionMethod->invokeArgs()
#5 {main}
[2026-08-22 13:31:46] home/index :: Call to undefined function post_author_icon() in /www/wwwroot/bbs.wuttor.com/templates/home/index.php:73
#0 /www/wwwroot/bbs.wuttor.com/core/View.php(35): include()
#1 /www/wwwroot/bbs.wuttor.com/core/Controller.php(73): View::render()
#2 /www/wwwroot/bbs.wuttor.com/app/Controllers/HomeController.php(80): Controller->view()
#3 [internal function]: HomeController->index()
#4 /www/wwwroot/bbs.wuttor.com/index.php(112): ReflectionMethod->invokeArgs()
#5 {main}
[2026-08-22 16:37:24] post/store :: SQLSTATE[42S22]: Column not found: 1054 Unknown column 'attachments' in 'field list' in /www/wwwroot/bbs.wuttor.com/core/Model.php:194
#0 /www/wwwroot/bbs.wuttor.com/core/Model.php(194): PDO->prepare()
#1 /www/wwwroot/bbs.wuttor.com/app/Controllers/PostController.php(52): Model->insert()
#2 [internal function]: PostController->store()
#3 /www/wwwroot/bbs.wuttor.com/index.php(112): ReflectionMethod->invokeArgs()
#4 {main}
[2026-08-22 23:18:23] post/bid :: SQLSTATE[42S22]: Column not found: 1054 Unknown column 'extended_minutes' in 'field list' in /www/wwwroot/bbs.wuttor.com/core/Model.php:243
#0 /www/wwwroot/bbs.wuttor.com/core/Model.php(243): PDO->prepare()
#1 /www/wwwroot/bbs.wuttor.com/app/Controllers/PostController.php(444): Model::scalar()
#2 [internal function]: PostController->bid()
#3 /www/wwwroot/bbs.wuttor.com/index.php(112): ReflectionMethod->invokeArgs()
#4 {main}
[2026-08-22 23:18:38] post/bid :: SQLSTATE[42S22]: Column not found: 1054 Unknown column 'extended_minutes' in 'field list' in /www/wwwroot/bbs.wuttor.com/core/Model.php:243
#0 /www/wwwroot/bbs.wuttor.com/core/Model.php(243): PDO->prepare()
#1 /www/wwwroot/bbs.wuttor.com/app/Controllers/PostController.php(444): Model::scalar()
#2 [internal function]: PostController->bid()
#3 /www/wwwroot/bbs.wuttor.com/index.php(112): ReflectionMethod->invokeArgs()
#4 {main}
[2026-08-23 11:09:27] certification/apply :: SQLSTATE[23000]: Integrity constraint violation: 1048 Column 'real_name' cannot be null in /www/wwwroot/bbs.wuttor.com/core/Model.php:195
#0 /www/wwwroot/bbs.wuttor.com/core/Model.php(195): PDOStatement->execute()
#1 /www/wwwroot/bbs.wuttor.com/app/Controllers/CertificationController.php(102): Model->insert()
#2 [internal function]: CertificationController->apply()
#3 /www/wwwroot/bbs.wuttor.com/index.php(112): ReflectionMethod->invokeArgs()
#4 {main}
[2026-08-23 11:09:45] certification/apply :: SQLSTATE[23000]: Integrity constraint violation: 1048 Column 'real_name' cannot be null in /www/wwwroot/bbs.wuttor.com/core/Model.php:195
#0 /www/wwwroot/bbs.wuttor.com/core/Model.php(195): PDOStatement->execute()
#1 /www/wwwroot/bbs.wuttor.com/app/Controllers/CertificationController.php(102): Model->insert()
#2 [internal function]: CertificationController->apply()
#3 /www/wwwroot/bbs.wuttor.com/index.php(112): ReflectionMethod->invokeArgs()
#4 {main}
[2026-08-23 11:09:47] certification/apply :: SQLSTATE[23000]: Integrity constraint violation: 1048 Column 'real_name' cannot be null in /www/wwwroot/bbs.wuttor.com/core/Model.php:195
#0 /www/wwwroot/bbs.wuttor.com/core/Model.php(195): PDOStatement->execute()
#1 /www/wwwroot/bbs.wuttor.com/app/Controllers/CertificationController.php(102): Model->insert()
#2 [internal function]: CertificationController->apply()
#3 /www/wwwroot/bbs.wuttor.com/index.php(112): ReflectionMethod->invokeArgs()
#4 {main}
[2026-08-23 12:27:29] certification/apply :: SQLSTATE[23000]: Integrity constraint violation: 1048 Column 'real_name' cannot be null in /www/wwwroot/bbs.wuttor.com/core/Model.php:195
#0 /www/wwwroot/bbs.wuttor.com/core/Model.php(195): PDOStatement->execute()
#1 /www/wwwroot/bbs.wuttor.com/app/Controllers/CertificationController.php(102): Model->insert()
#2 [internal function]: CertificationController->apply()
#3 /www/wwwroot/bbs.wuttor.com/index.php(112): ReflectionMethod->invokeArgs()
#4 {main}
[2026-08-23 12:27:32] certification/apply :: SQLSTATE[23000]: Integrity constraint violation: 1048 Column 'real_name' cannot be null in /www/wwwroot/bbs.wuttor.com/core/Model.php:195
#0 /www/wwwroot/bbs.wuttor.com/core/Model.php(195): PDOStatement->execute()
#1 /www/wwwroot/bbs.wuttor.com/app/Controllers/CertificationController.php(102): Model->insert()
#2 [internal function]: CertificationController->apply()
#3 /www/wwwroot/bbs.wuttor.com/index.php(112): ReflectionMethod->invokeArgs()
#4 {main}
[2026-08-23 12:27:39] certification/apply :: SQLSTATE[23000]: Integrity constraint violation: 1048 Column 'real_name' cannot be null in /www/wwwroot/bbs.wuttor.com/core/Model.php:195
#0 /www/wwwroot/bbs.wuttor.com/core/Model.php(195): PDOStatement->execute()
#1 /www/wwwroot/bbs.wuttor.com/app/Controllers/CertificationController.php(102): Model->insert()
#2 [internal function]: CertificationController->apply()
#3 /www/wwwroot/bbs.wuttor.com/index.php(112): ReflectionMethod->invokeArgs()
#4 {main}
[2026-08-23 12:28:14] certification/apply :: SQLSTATE[23000]: Integrity constraint violation: 1048 Column 'real_name' cannot be null in /www/wwwroot/bbs.wuttor.com/core/Model.php:195
#0 /www/wwwroot/bbs.wuttor.com/core/Model.php(195): PDOStatement->execute()
#1 /www/wwwroot/bbs.wuttor.com/app/Controllers/CertificationController.php(102): Model->insert()
#2 [internal function]: CertificationController->apply()
#3 /www/wwwroot/bbs.wuttor.com/index.php(112): ReflectionMethod->invokeArgs()
#4 {main}
[2026-08-23 12:28:29] certification/apply :: SQLSTATE[23000]: Integrity constraint violation: 1048 Column 'real_name' cannot be null in /www/wwwroot/bbs.wuttor.com/core/Model.php:195
#0 /www/wwwroot/bbs.wuttor.com/core/Model.php(195): PDOStatement->execute()
#1 /www/wwwroot/bbs.wuttor.com/app/Controllers/CertificationController.php(102): Model->insert()
#2 [internal function]: CertificationController->apply()
#3 /www/wwwroot/bbs.wuttor.com/index.php(112): ReflectionMethod->invokeArgs()
#4 {main}
[2026-08-23 12:29:45] certification/apply :: SQLSTATE[23000]: Integrity constraint violation: 1048 Column 'real_name' cannot be null in /www/wwwroot/bbs.wuttor.com/core/Model.php:195
#0 /www/wwwroot/bbs.wuttor.com/core/Model.php(195): PDOStatement->execute()
#1 /www/wwwroot/bbs.wuttor.com/app/Controllers/CertificationController.php(102): Model->insert()
#2 [internal function]: CertificationController->apply()
#3 /www/wwwroot/bbs.wuttor.com/index.php(112): ReflectionMethod->invokeArgs()
#4 {main}
[2026-08-23 13:08:24] admin/saveCertGroupIcon :: 方法 saveCertGroupIcon 不存在 in /www/wwwroot/bbs.wuttor.com/index.php:103
#0 {main}
[2026-08-23 13:08:28] admin/saveCertGroupIcon :: 方法 saveCertGroupIcon 不存在 in /www/wwwroot/bbs.wuttor.com/index.php:103
#0 {main}
[2026-08-23 13:08:53] admin/saveCertGroupIcon :: 方法 saveCertGroupIcon 不存在 in /www/wwwroot/bbs.wuttor.com/index.php:103
#0 {main}
[2026-08-23 17:08:37] home/index :: Call to undefined method Model::orderByRaw() in /www/wwwroot/bbs.wuttor.com/app/Controllers/HomeController.php:63
#0 [internal function]: HomeController->index()
#1 /www/wwwroot/bbs.wuttor.com/index.php(112): ReflectionMethod->invokeArgs()
#2 {main}
[2026-08-23 17:09:00] home/index :: Call to undefined method Model::orderByRaw() in /www/wwwroot/bbs.wuttor.com/app/Controllers/HomeController.php:63
#0 [internal function]: HomeController->index()
#1 /www/wwwroot/bbs.wuttor.com/index.php(112): ReflectionMethod->invokeArgs()
#2 {main}
[2026-08-23 17:09:02] home/index :: Call to undefined method Model::orderByRaw() in /www/wwwroot/bbs.wuttor.com/app/Controllers/HomeController.php:63
#0 [internal function]: HomeController->index()
#1 /www/wwwroot/bbs.wuttor.com/index.php(112): ReflectionMethod->invokeArgs()
#2 {main}
[2026-08-23 17:09:31] home/index :: Call to undefined method Model::orderByRaw() in /www/wwwroot/bbs.wuttor.com/app/Controllers/HomeController.php:63
#0 [internal function]: HomeController->index()
#1 /www/wwwroot/bbs.wuttor.com/index.php(112): ReflectionMethod->invokeArgs()
#2 {main}
[2026-08-23 17:09:59] home/index :: Call to undefined method Model::orderByRaw() in /www/wwwroot/bbs.wuttor.com/app/Controllers/HomeController.php:63
#0 [internal function]: HomeController->index()
#1 /www/wwwroot/bbs.wuttor.com/index.php(112): ReflectionMethod->invokeArgs()
#2 {main}
[2026-08-23 22:06:38] admin/saveSpecialThemes :: Call to undefined function is_post() in /www/wwwroot/bbs.wuttor.com/app/Controllers/AdminController.php:981
#0 [internal function]: AdminController->saveSpecialThemes()
#1 /www/wwwroot/bbs.wuttor.com/index.php(112): ReflectionMethod->invokeArgs()
#2 {main}
[2026-08-23 22:06:42] admin/saveSpecialThemes :: Call to undefined function is_post() in /www/wwwroot/bbs.wuttor.com/app/Controllers/AdminController.php:981
#0 [internal function]: AdminController->saveSpecialThemes()
#1 /www/wwwroot/bbs.wuttor.com/index.php(112): ReflectionMethod->invokeArgs()
#2 {main}
[2026-08-23 22:08:18] post/create :: Call to undefined function can_publish_auction() in /www/wwwroot/bbs.wuttor.com/app/Controllers/PostController.php:27
#0 [internal function]: PostController->create()
#1 /www/wwwroot/bbs.wuttor.com/index.php(112): ReflectionMethod->invokeArgs()
#2 {main}
[2026-08-23 22:08:25] post/create :: Call to undefined function can_publish_auction() in /www/wwwroot/bbs.wuttor.com/app/Controllers/PostController.php:27
#0 [internal function]: PostController->create()
#1 /www/wwwroot/bbs.wuttor.com/index.php(112): ReflectionMethod->invokeArgs()
#2 {main}
[2026-08-23 22:09:32] post/create :: Call to undefined function can_publish_auction() in /www/wwwroot/bbs.wuttor.com/app/Controllers/PostController.php:27
#0 [internal function]: PostController->create()
#1 /www/wwwroot/bbs.wuttor.com/index.php(112): ReflectionMethod->invokeArgs()
#2 {main}
[2026-08-23 22:09:37] post/create :: Call to undefined function can_publish_auction() in /www/wwwroot/bbs.wuttor.com/app/Controllers/PostController.php:27
#0 [internal function]: PostController->create()
#1 /www/wwwroot/bbs.wuttor.com/index.php(112): ReflectionMethod->invokeArgs()
#2 {main}
[2026-08-24 13:57:10] auth/checkName?field=username :: 方法 checkName?field=username 不存在 in /www/wwwroot/bbs.wuttor.com/index.php:103
#0 {main}
[2026-08-24 13:57:11] auth/checkName?field=username :: 方法 checkName?field=username 不存在 in /www/wwwroot/bbs.wuttor.com/index.php:103
#0 {main}
[2026-08-24 13:57:14] auth/checkName?field=nickname :: 方法 checkName?field=nickname 不存在 in /www/wwwroot/bbs.wuttor.com/index.php:103
#0 {main}
[2026-08-24 13:57:15] auth/checkName?field=nickname :: 方法 checkName?field=nickname 不存在 in /www/wwwroot/bbs.wuttor.com/index.php:103
#0 {main}
[2026-08-24 13:57:21] auth/checkName?field=nickname :: 方法 checkName?field=nickname 不存在 in /www/wwwroot/bbs.wuttor.com/index.php:103
#0 {main}
[2026-08-24 13:57:24] auth/checkName?field=username :: 方法 checkName?field=username 不存在 in /www/wwwroot/bbs.wuttor.com/index.php:103
#0 {main}
[2026-08-24 13:57:31] auth/checkName?field=username :: 方法 checkName?field=username 不存在 in /www/wwwroot/bbs.wuttor.com/index.php:103
#0 {main}
[2026-08-24 13:57:40] auth/checkName?field=username :: 方法 checkName?field=username 不存在 in /www/wwwroot/bbs.wuttor.com/index.php:103
#0 {main}
[2026-08-24 13:57:43] auth/checkName?field=username :: 方法 checkName?field=username 不存在 in /www/wwwroot/bbs.wuttor.com/index.php:103
#0 {main}
[2026-08-24 13:57:55] auth/checkName?field=username :: 方法 checkName?field=username 不存在 in /www/wwwroot/bbs.wuttor.com/index.php:103
#0 {main}
[2026-08-24 14:02:00] auth/checkName?field=username :: 方法 checkName?field=username 不存在 in /www/wwwroot/bbs.wuttor.com/index.php:103
#0 {main}
[2026-08-24 14:02:03] auth/checkName?field=nickname :: 方法 checkName?field=nickname 不存在 in /www/wwwroot/bbs.wuttor.com/index.php:103
#0 {main}
[2026-08-24 14:19:58] auth/checkName?field=username :: 方法 checkName?field=username 不存在 in /www/wwwroot/bbs.wuttor.com/index.php:103
#0 {main}
[2026-08-24 14:20:00] auth/checkName?field=username :: 方法 checkName?field=username 不存在 in /www/wwwroot/bbs.wuttor.com/index.php:103
#0 {main}
[2026-08-24 14:20:01] auth/checkName?field=nickname :: 方法 checkName?field=nickname 不存在 in /www/wwwroot/bbs.wuttor.com/index.php:103
#0 {main}
[2026-08-24 14:20:02] auth/checkName?field=nickname :: 方法 checkName?field=nickname 不存在 in /www/wwwroot/bbs.wuttor.com/index.php:103
#0 {main}
[2026-08-24 14:20:10] auth/checkName?field=username :: 方法 checkName?field=username 不存在 in /www/wwwroot/bbs.wuttor.com/index.php:103
#0 {main}
[2026-08-24 14:20:10] auth/checkName?field=username :: 方法 checkName?field=username 不存在 in /www/wwwroot/bbs.wuttor.com/index.php:103
#0 {main}
[2026-08-24 14:20:10] auth/checkName?field=username :: 方法 checkName?field=username 不存在 in /www/wwwroot/bbs.wuttor.com/index.php:103
#0 {main}
[2026-08-24 14:20:12] auth/checkName?field=nickname :: 方法 checkName?field=nickname 不存在 in /www/wwwroot/bbs.wuttor.com/index.php:103
#0 {main}
[2026-08-24 14:20:13] auth/checkName?field=nickname :: 方法 checkName?field=nickname 不存在 in /www/wwwroot/bbs.wuttor.com/index.php:103
#0 {main}
[2026-08-24 14:20:15] auth/checkName?field=nickname :: 方法 checkName?field=nickname 不存在 in /www/wwwroot/bbs.wuttor.com/index.php:103
#0 {main}
[2026-08-24 14:21:20] auth/checkName?field=nickname :: 方法 checkName?field=nickname 不存在 in /www/wwwroot/bbs.wuttor.com/index.php:103
#0 {main}
[2026-08-24 14:22:45] auth/checkName?field=nickname :: 方法 checkName?field=nickname 不存在 in /www/wwwroot/bbs.wuttor.com/index.php:103
#0 {main}
[2026-08-24 14:29:08] auth/checkName?field=username :: 方法 checkName?field=username 不存在 in /www/wwwroot/bbs.wuttor.com/index.php:103
#0 {main}
[2026-08-24 14:29:10] auth/checkName?field=username :: 方法 checkName?field=username 不存在 in /www/wwwroot/bbs.wuttor.com/index.php:103
#0 {main}
[2026-08-24 14:29:11] auth/checkName?field=nickname :: 方法 checkName?field=nickname 不存在 in /www/wwwroot/bbs.wuttor.com/index.php:103
#0 {main}
[2026-08-24 14:29:19] auth/checkName?field=nickname :: 方法 checkName?field=nickname 不存在 in /www/wwwroot/bbs.wuttor.com/index.php:103
#0 {main}
[2026-08-24 14:29:22] auth/checkName?field=username :: 方法 checkName?field=username 不存在 in /www/wwwroot/bbs.wuttor.com/index.php:103
#0 {main}
[2026-08-24 14:29:23] auth/checkName?field=username :: 方法 checkName?field=username 不存在 in /www/wwwroot/bbs.wuttor.com/index.php:103
#0 {main}
[2026-08-24 14:29:24] auth/checkName?field=nickname :: 方法 checkName?field=nickname 不存在 in /www/wwwroot/bbs.wuttor.com/index.php:103
#0 {main}
[2026-08-24 14:29:26] auth/checkName?field=username :: 方法 checkName?field=username 不存在 in /www/wwwroot/bbs.wuttor.com/index.php:103
#0 {main}
[2026-08-24 14:29:27] auth/checkName?field=username :: 方法 checkName?field=username 不存在 in /www/wwwroot/bbs.wuttor.com/index.php:103
#0 {main}
[2026-08-24 14:29:30] auth/checkName?field=nickname :: 方法 checkName?field=nickname 不存在 in /www/wwwroot/bbs.wuttor.com/index.php:103
#0 {main}
[2026-08-24 14:39:55] auth/checkName?field=nickname :: 方法 checkName?field=nickname 不存在 in /www/wwwroot/bbs.wuttor.com/index.php:103
#0 {main}
[2026-08-24 14:39:59] auth/checkName?field=nickname :: 方法 checkName?field=nickname 不存在 in /www/wwwroot/bbs.wuttor.com/index.php:103
#0 {main}
[2026-08-24 14:50:45] auth/checkName?field=nickname :: 方法 checkName?field=nickname 不存在 in /www/wwwroot/bbs.wuttor.com/index.php:103
#0 {main}
[2026-08-24 14:50:45] auth/checkName?field=nickname :: 方法 checkName?field=nickname 不存在 in /www/wwwroot/bbs.wuttor.com/index.php:103
#0 {main}
[2026-08-24 14:50:46] auth/checkName?field=nickname :: 方法 checkName?field=nickname 不存在 in /www/wwwroot/bbs.wuttor.com/index.php:103
#0 {main}
[2026-08-24 14:50:47] auth/checkName?field=nickname :: 方法 checkName?field=nickname 不存在 in /www/wwwroot/bbs.wuttor.com/index.php:103
#0 {main}
[2026-08-24 14:51:09] auth/checkName?field=nickname :: 方法 checkName?field=nickname 不存在 in /www/wwwroot/bbs.wuttor.com/index.php:103
#0 {main}
[2026-08-24 14:51:11] auth/checkName?field=nickname :: 方法 checkName?field=nickname 不存在 in /www/wwwroot/bbs.wuttor.com/index.php:103
#0 {main}
[2026-08-24 14:51:12] auth/checkName?field=nickname :: 方法 checkName?field=nickname 不存在 in /www/wwwroot/bbs.wuttor.com/index.php:103
#0 {main}
[2026-08-24 14:51:23] auth/checkName?field=nickname :: 方法 checkName?field=nickname 不存在 in /www/wwwroot/bbs.wuttor.com/index.php:103
#0 {main}
[2026-08-24 14:51:42] auth/checkName?field=nickname :: 方法 checkName?field=nickname 不存在 in /www/wwwroot/bbs.wuttor.com/index.php:103
#0 {main}
[2026-08-24 14:51:43] auth/checkName?field=nickname :: 方法 checkName?field=nickname 不存在 in /www/wwwroot/bbs.wuttor.com/index.php:103
#0 {main}
[2026-08-24 14:53:52] auth/checkName?field=nickname :: 方法 checkName?field=nickname 不存在 in /www/wwwroot/bbs.wuttor.com/index.php:103
#0 {main}
[2026-08-24 14:53:53] auth/checkName?field=nickname :: 方法 checkName?field=nickname 不存在 in /www/wwwroot/bbs.wuttor.com/index.php:103
#0 {main}
[2026-08-24 14:53:55] auth/checkName?field=nickname :: 方法 checkName?field=nickname 不存在 in /www/wwwroot/bbs.wuttor.com/index.php:103
#0 {main}
[2026-08-24 14:54:02] auth/checkName?field=nickname :: 方法 checkName?field=nickname 不存在 in /www/wwwroot/bbs.wuttor.com/index.php:103
#0 {main}
[2026-08-24 14:54:03] auth/checkName?field=nickname :: 方法 checkName?field=nickname 不存在 in /www/wwwroot/bbs.wuttor.com/index.php:103
#0 {main}
[2026-08-24 14:54:06] auth/checkName?field=nickname :: 方法 checkName?field=nickname 不存在 in /www/wwwroot/bbs.wuttor.com/index.php:103
#0 {main}
[2026-08-24 14:54:19] auth/checkName?field=nickname :: 方法 checkName?field=nickname 不存在 in /www/wwwroot/bbs.wuttor.com/index.php:103
#0 {main}
[2026-08-24 14:54:41] auth/checkName?field=nickname :: 方法 checkName?field=nickname 不存在 in /www/wwwroot/bbs.wuttor.com/index.php:103
#0 {main}
[2026-08-24 14:54:42] auth/checkName?field=nickname :: 方法 checkName?field=nickname 不存在 in /www/wwwroot/bbs.wuttor.com/index.php:103
#0 {main}
[2026-08-24 14:54:42] auth/checkName?field=nickname :: 方法 checkName?field=nickname 不存在 in /www/wwwroot/bbs.wuttor.com/index.php:103
#0 {main}
[2026-08-24 14:54:43] auth/checkName?field=nickname :: 方法 checkName?field=nickname 不存在 in /www/wwwroot/bbs.wuttor.com/index.php:103
#0 {main}
[2026-08-24 14:55:16] auth/checkName?field=username :: 方法 checkName?field=username 不存在 in /www/wwwroot/bbs.wuttor.com/index.php:103
#0 {main}
[2026-08-24 14:55:17] auth/checkName?field=username :: 方法 checkName?field=username 不存在 in /www/wwwroot/bbs.wuttor.com/index.php:103
#0 {main}
[2026-08-24 15:12:55] auth/checkName?field=username :: 方法 checkName?field=username 不存在 in /www/wwwroot/bbs.wuttor.com/index.php:103
#0 {main}
[2026-08-24 15:12:57] auth/checkName?field=username :: 方法 checkName?field=username 不存在 in /www/wwwroot/bbs.wuttor.com/index.php:103
#0 {main}
[2026-08-24 15:12:59] auth/checkName?field=nickname :: 方法 checkName?field=nickname 不存在 in /www/wwwroot/bbs.wuttor.com/index.php:103
#0 {main}
[2026-08-24 15:13:00] auth/checkName?field=nickname :: 方法 checkName?field=nickname 不存在 in /www/wwwroot/bbs.wuttor.com/index.php:103
#0 {main}
[2026-08-24 15:13:26] auth/checkName?field=nickname :: 方法 checkName?field=nickname 不存在 in /www/wwwroot/bbs.wuttor.com/index.php:103
#0 {main}
[2026-08-24 15:19:04] auth/checkName?field=nickname :: 方法 checkName?field=nickname 不存在 in /www/wwwroot/bbs.wuttor.com/index.php:103
#0 {main}
[2026-08-24 15:19:14] auth/checkName?field=nickname :: 方法 checkName?field=nickname 不存在 in /www/wwwroot/bbs.wuttor.com/index.php:103
#0 {main}
[2026-08-24 15:19:17] auth/checkName?field=nickname :: 方法 checkName?field=nickname 不存在 in /www/wwwroot/bbs.wuttor.com/index.php:103
#0 {main}
[2026-08-24 15:19:28] auth/checkName?field=username :: 方法 checkName?field=username 不存在 in /www/wwwroot/bbs.wuttor.com/index.php:103
#0 {main}
[2026-08-24 15:19:29] auth/checkName?field=username :: 方法 checkName?field=username 不存在 in /www/wwwroot/bbs.wuttor.com/index.php:103
#0 {main}
[2026-08-24 15:19:30] auth/checkName?field=nickname :: 方法 checkName?field=nickname 不存在 in /www/wwwroot/bbs.wuttor.com/index.php:103
#0 {main}
[2026-08-24 15:19:32] auth/checkName?field=nickname :: 方法 checkName?field=nickname 不存在 in /www/wwwroot/bbs.wuttor.com/index.php:103
#0 {main}
[2026-08-24 15:21:58] auth/checkName?field=username :: 方法 checkName?field=username 不存在 in /www/wwwroot/bbs.wuttor.com/index.php:103
#0 {main}
[2026-08-24 15:21:59] auth/checkName?field=username :: 方法 checkName?field=username 不存在 in /www/wwwroot/bbs.wuttor.com/index.php:103
#0 {main}
[2026-08-24 15:22:53] auth/checkName?field=nickname :: 方法 checkName?field=nickname 不存在 in /www/wwwroot/bbs.wuttor.com/index.php:103
#0 {main}
[2026-08-24 15:25:15] auth/checkName?field=nickname :: 方法 checkName?field=nickname 不存在 in /www/wwwroot/bbs.wuttor.com/index.php:103
#0 {main}
[2026-08-24 15:25:55] auth/checkName?field=nickname :: 方法 checkName?field=nickname 不存在 in /www/wwwroot/bbs.wuttor.com/index.php:103
#0 {main}
[2026-08-24 15:25:56] auth/checkName?field=nickname :: 方法 checkName?field=nickname 不存在 in /www/wwwroot/bbs.wuttor.com/index.php:103
#0 {main}
[2026-08-24 15:25:58] auth/checkName?field=nickname :: 方法 checkName?field=nickname 不存在 in /www/wwwroot/bbs.wuttor.com/index.php:103
#0 {main}
[2026-08-24 15:25:59] auth/checkName?field=nickname :: 方法 checkName?field=nickname 不存在 in /www/wwwroot/bbs.wuttor.com/index.php:103
#0 {main}
[2026-08-24 15:26:00] auth/checkName?field=nickname :: 方法 checkName?field=nickname 不存在 in /www/wwwroot/bbs.wuttor.com/index.php:103
#0 {main}
