[21-Aug-2026 15:30:35 Asia/Shanghai] PHP Deprecated:  trim(): Passing null to parameter #1 ($string) of type string is deprecated in /www/wwwroot/bbs.wuttor.com/core/helpers.php on line 307
[21-Aug-2026 15:30:39 Asia/Shanghai] PHP Deprecated:  trim(): Passing null to parameter #1 ($string) of type string is deprecated in /www/wwwroot/bbs.wuttor.com/core/helpers.php on line 307
[21-Aug-2026 15:30:43 Asia/Shanghai] PHP Deprecated:  trim(): Passing null to parameter #1 ($string) of type string is deprecated in /www/wwwroot/bbs.wuttor.com/core/helpers.php on line 307
[21-Aug-2026 15:30:47 Asia/Shanghai] PHP Deprecated:  trim(): Passing null to parameter #1 ($string) of type string is deprecated in /www/wwwroot/bbs.wuttor.com/core/helpers.php on line 307
[21-Aug-2026 15:30:51 Asia/Shanghai] PHP Deprecated:  trim(): Passing null to parameter #1 ($string) of type string is deprecated in /www/wwwroot/bbs.wuttor.com/core/helpers.php on line 307
[21-Aug-2026 15:30:56 Asia/Shanghai] PHP Deprecated:  trim(): Passing null to parameter #1 ($string) of type string is deprecated in /www/wwwroot/bbs.wuttor.com/core/helpers.php on line 307
[21-Aug-2026 15:30:59 Asia/Shanghai] PHP Deprecated:  trim(): Passing null to parameter #1 ($string) of type string is deprecated in /www/wwwroot/bbs.wuttor.com/core/helpers.php on line 307
[21-Aug-2026 15:31:01 Asia/Shanghai] PHP Deprecated:  trim(): Passing null to parameter #1 ($string) of type string is deprecated in /www/wwwroot/bbs.wuttor.com/core/helpers.php on line 307
[21-Aug-2026 15:31:02 Asia/Shanghai] PHP Deprecated:  trim(): Passing null to parameter #1 ($string) of type string is deprecated in /www/wwwroot/bbs.wuttor.com/core/helpers.php on line 307
[21-Aug-2026 15:31:04 Asia/Shanghai] PHP Deprecated:  trim(): Passing null to parameter #1 ($string) of type string is deprecated in /www/wwwroot/bbs.wuttor.com/core/helpers.php on line 307
[21-Aug-2026 15:31:12 Asia/Shanghai] PHP Deprecated:  trim(): Passing null to parameter #1 ($string) of type string is deprecated in /www/wwwroot/bbs.wuttor.com/core/helpers.php on line 307
[21-Aug-2026 15:31:15 Asia/Shanghai] PHP Deprecated:  trim(): Passing null to parameter #1 ($string) of type string is deprecated in /www/wwwroot/bbs.wuttor.com/core/helpers.php on line 307
[21-Aug-2026 15:31:17 Asia/Shanghai] PHP Deprecated:  trim(): Passing null to parameter #1 ($string) of type string is deprecated in /www/wwwroot/bbs.wuttor.com/core/helpers.php on line 307
[21-Aug-2026 15:31:35 Asia/Shanghai] PHP Deprecated:  trim(): Passing null to parameter #1 ($string) of type string is deprecated in /www/wwwroot/bbs.wuttor.com/core/helpers.php on line 307
[21-Aug-2026 15:31:35 Asia/Shanghai] PHP Deprecated:  trim(): Passing null to parameter #1 ($string) of type string is deprecated in /www/wwwroot/bbs.wuttor.com/core/helpers.php on line 307
[21-Aug-2026 15:31:37 Asia/Shanghai] PHP Deprecated:  trim(): Passing null to parameter #1 ($string) of type string is deprecated in /www/wwwroot/bbs.wuttor.com/core/helpers.php on line 307
[21-Aug-2026 15:31:37 Asia/Shanghai] PHP Deprecated:  trim(): Passing null to parameter #1 ($string) of type string is deprecated in /www/wwwroot/bbs.wuttor.com/core/helpers.php on line 307
[21-Aug-2026 15:31:55 Asia/Shanghai] PHP Deprecated:  trim(): Passing null to parameter #1 ($string) of type string is deprecated in /www/wwwroot/bbs.wuttor.com/core/helpers.php on line 307
[21-Aug-2026 15:33:25 Asia/Shanghai] PHP Deprecated:  trim(): Passing null to parameter #1 ($string) of type string is deprecated in /www/wwwroot/bbs.wuttor.com/app/Controllers/AdminController.php on line 482
[21-Aug-2026 15:33:25 Asia/Shanghai] PHP Deprecated:  trim(): Passing null to parameter #1 ($string) of type string is deprecated in /www/wwwroot/bbs.wuttor.com/app/Controllers/AdminController.php on line 483
[21-Aug-2026 15:34:27 Asia/Shanghai] PHP Deprecated:  trim(): Passing null to parameter #1 ($string) of type string is deprecated in /www/wwwroot/bbs.wuttor.com/core/helpers.php on line 307
[21-Aug-2026 15:34:27 Asia/Shanghai] PHP Deprecated:  trim(): Passing null to parameter #1 ($string) of type string is deprecated in /www/wwwroot/bbs.wuttor.com/core/helpers.php on line 307
[21-Aug-2026 15:34:33 Asia/Shanghai] PHP Deprecated:  trim(): Passing null to parameter #1 ($string) of type string is deprecated in /www/wwwroot/bbs.wuttor.com/core/helpers.php on line 307
[21-Aug-2026 15:34:33 Asia/Shanghai] PHP Deprecated:  trim(): Passing null to parameter #1 ($string) of type string is deprecated in /www/wwwroot/bbs.wuttor.com/core/helpers.php on line 307
[21-Aug-2026 15:35:19 Asia/Shanghai] PHP Deprecated:  trim(): Passing null to parameter #1 ($string) of type string is deprecated in /www/wwwroot/bbs.wuttor.com/app/Controllers/AdminController.php on line 482
[21-Aug-2026 15:35:19 Asia/Shanghai] PHP Deprecated:  trim(): Passing null to parameter #1 ($string) of type string is deprecated in /www/wwwroot/bbs.wuttor.com/app/Controllers/AdminController.php on line 483
[21-Aug-2026 15:35:22 Asia/Shanghai] PHP Deprecated:  trim(): Passing null to parameter #1 ($string) of type string is deprecated in /www/wwwroot/bbs.wuttor.com/core/helpers.php on line 307
[21-Aug-2026 15:35:22 Asia/Shanghai] PHP Deprecated:  trim(): Passing null to parameter #1 ($string) of type string is deprecated in /www/wwwroot/bbs.wuttor.com/core/helpers.php on line 307
[21-Aug-2026 15:35:44 Asia/Shanghai] PHP Deprecated:  trim(): Passing null to parameter #1 ($string) of type string is deprecated in /www/wwwroot/bbs.wuttor.com/app/Controllers/AdminController.php on line 482
[21-Aug-2026 15:35:44 Asia/Shanghai] PHP Deprecated:  trim(): Passing null to parameter #1 ($string) of type string is deprecated in /www/wwwroot/bbs.wuttor.com/app/Controllers/AdminController.php on line 483
[21-Aug-2026 15:38:29 Asia/Shanghai] PHP Deprecated:  trim(): Passing null to parameter #1 ($string) of type string is deprecated in /www/wwwroot/bbs.wuttor.com/core/helpers.php on line 307
[21-Aug-2026 15:38:29 Asia/Shanghai] PHP Deprecated:  trim(): Passing null to parameter #1 ($string) of type string is deprecated in /www/wwwroot/bbs.wuttor.com/core/helpers.php on line 307
[21-Aug-2026 15:38:59 Asia/Shanghai] PHP Deprecated:  trim(): Passing null to parameter #1 ($string) of type string is deprecated in /www/wwwroot/bbs.wuttor.com/core/helpers.php on line 307
[21-Aug-2026 15:38:59 Asia/Shanghai] PHP Deprecated:  trim(): Passing null to parameter #1 ($string) of type string is deprecated in /www/wwwroot/bbs.wuttor.com/core/helpers.php on line 307
[21-Aug-2026 15:39:03 Asia/Shanghai] PHP Deprecated:  trim(): Passing null to parameter #1 ($string) of type string is deprecated in /www/wwwroot/bbs.wuttor.com/core/helpers.php on line 307
[21-Aug-2026 15:39:43 Asia/Shanghai] PHP Deprecated:  trim(): Passing null to parameter #1 ($string) of type string is deprecated in /www/wwwroot/bbs.wuttor.com/core/helpers.php on line 307
[21-Aug-2026 15:39:43 Asia/Shanghai] PHP Deprecated:  trim(): Passing null to parameter #1 ($string) of type string is deprecated in /www/wwwroot/bbs.wuttor.com/core/helpers.php on line 307
[21-Aug-2026 15:39:52 Asia/Shanghai] PHP Deprecated:  trim(): Passing null to parameter #1 ($string) of type string is deprecated in /www/wwwroot/bbs.wuttor.com/core/helpers.php on line 307
[21-Aug-2026 15:39:54 Asia/Shanghai] PHP Deprecated:  trim(): Passing null to parameter #1 ($string) of type string is deprecated in /www/wwwroot/bbs.wuttor.com/core/helpers.php on line 307
[21-Aug-2026 15:40:02 Asia/Shanghai] PHP Deprecated:  trim(): Passing null to parameter #1 ($string) of type string is deprecated in /www/wwwroot/bbs.wuttor.com/core/helpers.php on line 307
[21-Aug-2026 15:40:02 Asia/Shanghai] PHP Deprecated:  trim(): Passing null to parameter #1 ($string) of type string is deprecated in /www/wwwroot/bbs.wuttor.com/core/helpers.php on line 307
[21-Aug-2026 15:40:10 Asia/Shanghai] PHP Deprecated:  trim(): Passing null to parameter #1 ($string) of type string is deprecated in /www/wwwroot/bbs.wuttor.com/core/helpers.php on line 307
[21-Aug-2026 15:40:42 Asia/Shanghai] PHP Deprecated:  trim(): Passing null to parameter #1 ($string) of type string is deprecated in /www/wwwroot/bbs.wuttor.com/core/helpers.php on line 307
[21-Aug-2026 15:40:42 Asia/Shanghai] PHP Deprecated:  trim(): Passing null to parameter #1 ($string) of type string is deprecated in /www/wwwroot/bbs.wuttor.com/core/helpers.php on line 307
[21-Aug-2026 15:40:54 Asia/Shanghai] PHP Deprecated:  trim(): Passing null to parameter #1 ($string) of type string is deprecated in /www/wwwroot/bbs.wuttor.com/core/helpers.php on line 307
[21-Aug-2026 15:40:54 Asia/Shanghai] PHP Deprecated:  trim(): Passing null to parameter #1 ($string) of type string is deprecated in /www/wwwroot/bbs.wuttor.com/core/helpers.php on line 307
[21-Aug-2026 15:40:55 Asia/Shanghai] PHP Deprecated:  trim(): Passing null to parameter #1 ($string) of type string is deprecated in /www/wwwroot/bbs.wuttor.com/core/helpers.php on line 307
[21-Aug-2026 15:40:59 Asia/Shanghai] PHP Deprecated:  trim(): Passing null to parameter #1 ($string) of type string is deprecated in /www/wwwroot/bbs.wuttor.com/core/helpers.php on line 307
[21-Aug-2026 15:40:59 Asia/Shanghai] PHP Deprecated:  trim(): Passing null to parameter #1 ($string) of type string is deprecated in /www/wwwroot/bbs.wuttor.com/core/helpers.php on line 307
[21-Aug-2026 15:52:33 Asia/Shanghai] PHP Fatal error:  Uncaught Error: Class "EmailController" not found in /www/wwwroot/bbs.wuttor.com/app/Controllers/AuthController.php:99
Stack trace:
#0 [internal function]: AuthController->doRegister()
#1 /www/wwwroot/bbs.wuttor.com/index.php(104): ReflectionMethod->invokeArgs()
#2 {main}
  thrown in /www/wwwroot/bbs.wuttor.com/app/Controllers/AuthController.php on line 99
[21-Aug-2026 15:52:42 Asia/Shanghai] PHP Fatal error:  Uncaught Error: Class "EmailController" not found in /www/wwwroot/bbs.wuttor.com/app/Controllers/AuthController.php:99
Stack trace:
#0 [internal function]: AuthController->doRegister()
#1 /www/wwwroot/bbs.wuttor.com/index.php(104): ReflectionMethod->invokeArgs()
#2 {main}
  thrown in /www/wwwroot/bbs.wuttor.com/app/Controllers/AuthController.php on line 99
[21-Aug-2026 15:53:05 Asia/Shanghai] PHP Fatal error:  Uncaught Error: Class "EmailController" not found in /www/wwwroot/bbs.wuttor.com/app/Controllers/AuthController.php:99
Stack trace:
#0 [internal function]: AuthController->doRegister()
#1 /www/wwwroot/bbs.wuttor.com/index.php(104): ReflectionMethod->invokeArgs()
#2 {main}
  thrown in /www/wwwroot/bbs.wuttor.com/app/Controllers/AuthController.php on line 99
[21-Aug-2026 15:53:26 Asia/Shanghai] PHP Fatal error:  Uncaught Error: Class "EmailController" not found in /www/wwwroot/bbs.wuttor.com/app/Controllers/AuthController.php:99
Stack trace:
#0 [internal function]: AuthController->doRegister()
#1 /www/wwwroot/bbs.wuttor.com/index.php(104): ReflectionMethod->invokeArgs()
#2 {main}
  thrown in /www/wwwroot/bbs.wuttor.com/app/Controllers/AuthController.php on line 99
[21-Aug-2026 15:53:29 Asia/Shanghai] PHP Fatal error:  Uncaught Error: Class "EmailController" not found in /www/wwwroot/bbs.wuttor.com/app/Controllers/AuthController.php:99
Stack trace:
#0 [internal function]: AuthController->doRegister()
#1 /www/wwwroot/bbs.wuttor.com/index.php(104): ReflectionMethod->invokeArgs()
#2 {main}
  thrown in /www/wwwroot/bbs.wuttor.com/app/Controllers/AuthController.php on line 99
[21-Aug-2026 15:54:38 Asia/Shanghai] PHP Fatal error:  Uncaught Error: Class "EmailController" not found in /www/wwwroot/bbs.wuttor.com/app/Controllers/AuthController.php:178
Stack trace:
#0 [internal function]: AuthController->doReset()
#1 /www/wwwroot/bbs.wuttor.com/index.php(104): ReflectionMethod->invokeArgs()
#2 {main}
  thrown in /www/wwwroot/bbs.wuttor.com/app/Controllers/AuthController.php on line 178
[21-Aug-2026 15:55:21 Asia/Shanghai] PHP Fatal error:  Uncaught Error: Class "EmailController" not found in /www/wwwroot/bbs.wuttor.com/app/Controllers/AuthController.php:178
Stack trace:
#0 [internal function]: AuthController->doReset()
#1 /www/wwwroot/bbs.wuttor.com/index.php(104): ReflectionMethod->invokeArgs()
#2 {main}
  thrown in /www/wwwroot/bbs.wuttor.com/app/Controllers/AuthController.php on line 178
[21-Aug-2026 16:34:14 Asia/Shanghai] PHP Fatal error:  Uncaught Error: Class "EmailController" not found in /www/wwwroot/bbs.wuttor.com/app/Controllers/AuthController.php:99
Stack trace:
#0 [internal function]: AuthController->doRegister()
#1 /www/wwwroot/bbs.wuttor.com/index.php(104): ReflectionMethod->invokeArgs()
#2 {main}
  thrown in /www/wwwroot/bbs.wuttor.com/app/Controllers/AuthController.php on line 99
[22-Aug-2026 13:13:48 Asia/Shanghai] PHP Fatal error:  Uncaught Error: Call to undefined function post_author_icon() in /www/wwwroot/bbs.wuttor.com/templates/home/index.php:73
Stack trace:
#0 /www/wwwroot/bbs.wuttor.com/core/View.php(35): include()
#1 /www/wwwroot/bbs.wuttor.com/core/Controller.php(73): View::render()
#2 /www/wwwroot/bbs.wuttor.com/app/Controllers/HomeController.php(80): Controller->view()
#3 [internal function]: HomeController->index()
#4 /www/wwwroot/bbs.wuttor.com/index.php(112): ReflectionMethod->invokeArgs()
#5 {main}
  thrown in /www/wwwroot/bbs.wuttor.com/templates/home/index.php on line 73
[22-Aug-2026 13:13:51 Asia/Shanghai] PHP Fatal error:  Uncaught Error: Call to undefined function post_author_icon() in /www/wwwroot/bbs.wuttor.com/templates/home/index.php:73
Stack trace:
#0 /www/wwwroot/bbs.wuttor.com/core/View.php(35): include()
#1 /www/wwwroot/bbs.wuttor.com/core/Controller.php(73): View::render()
#2 /www/wwwroot/bbs.wuttor.com/app/Controllers/HomeController.php(80): Controller->view()
#3 [internal function]: HomeController->index()
#4 /www/wwwroot/bbs.wuttor.com/index.php(112): ReflectionMethod->invokeArgs()
#5 {main}
  thrown in /www/wwwroot/bbs.wuttor.com/templates/home/index.php on line 73
[22-Aug-2026 13:13:52 Asia/Shanghai] PHP Fatal error:  Uncaught Error: Call to undefined function post_author_icon() in /www/wwwroot/bbs.wuttor.com/templates/home/index.php:73
Stack trace:
#0 /www/wwwroot/bbs.wuttor.com/core/View.php(35): include()
#1 /www/wwwroot/bbs.wuttor.com/core/Controller.php(73): View::render()
#2 /www/wwwroot/bbs.wuttor.com/app/Controllers/HomeController.php(80): Controller->view()
#3 [internal function]: HomeController->index()
#4 /www/wwwroot/bbs.wuttor.com/index.php(112): ReflectionMethod->invokeArgs()
#5 {main}
  thrown in /www/wwwroot/bbs.wuttor.com/templates/home/index.php on line 73
[22-Aug-2026 13:14:26 Asia/Shanghai] PHP Fatal error:  Uncaught Error: Call to undefined function post_author_icon() in /www/wwwroot/bbs.wuttor.com/templates/user/profile.php:53
Stack trace:
#0 /www/wwwroot/bbs.wuttor.com/core/View.php(35): include()
#1 /www/wwwroot/bbs.wuttor.com/core/Controller.php(73): View::render()
#2 /www/wwwroot/bbs.wuttor.com/app/Controllers/UserController.php(54): Controller->view()
#3 [internal function]: UserController->profile()
#4 /www/wwwroot/bbs.wuttor.com/index.php(112): ReflectionMethod->invokeArgs()
#5 {main}
  thrown in /www/wwwroot/bbs.wuttor.com/templates/user/profile.php on line 53
[22-Aug-2026 13:15:07 Asia/Shanghai] PHP Fatal error:  Uncaught Error: Call to undefined function post_author_icon() in /www/wwwroot/bbs.wuttor.com/templates/home/index.php:73
Stack trace:
#0 /www/wwwroot/bbs.wuttor.com/core/View.php(35): include()
#1 /www/wwwroot/bbs.wuttor.com/core/Controller.php(73): View::render()
#2 /www/wwwroot/bbs.wuttor.com/app/Controllers/HomeController.php(80): Controller->view()
#3 [internal function]: HomeController->index()
#4 /www/wwwroot/bbs.wuttor.com/index.php(112): ReflectionMethod->invokeArgs()
#5 {main}
  thrown in /www/wwwroot/bbs.wuttor.com/templates/home/index.php on line 73
[22-Aug-2026 13:15:08 Asia/Shanghai] PHP Fatal error:  Uncaught Error: Call to undefined function post_author_icon() in /www/wwwroot/bbs.wuttor.com/templates/home/index.php:73
Stack trace:
#0 /www/wwwroot/bbs.wuttor.com/core/View.php(35): include()
#1 /www/wwwroot/bbs.wuttor.com/core/Controller.php(73): View::render()
#2 /www/wwwroot/bbs.wuttor.com/app/Controllers/HomeController.php(80): Controller->view()
#3 [internal function]: HomeController->index()
#4 /www/wwwroot/bbs.wuttor.com/index.php(112): ReflectionMethod->invokeArgs()
#5 {main}
  thrown in /www/wwwroot/bbs.wuttor.com/templates/home/index.php on line 73
[22-Aug-2026 13:15:09 Asia/Shanghai] PHP Fatal error:  Uncaught Error: Call to undefined function post_author_icon() in /www/wwwroot/bbs.wuttor.com/templates/home/index.php:73
Stack trace:
#0 /www/wwwroot/bbs.wuttor.com/core/View.php(35): include()
#1 /www/wwwroot/bbs.wuttor.com/core/Controller.php(73): View::render()
#2 /www/wwwroot/bbs.wuttor.com/app/Controllers/HomeController.php(80): Controller->view()
#3 [internal function]: HomeController->index()
#4 /www/wwwroot/bbs.wuttor.com/index.php(112): ReflectionMethod->invokeArgs()
#5 {main}
  thrown in /www/wwwroot/bbs.wuttor.com/templates/home/index.php on line 73
[22-Aug-2026 13:20:06 Asia/Shanghai] PHP Fatal error:  Uncaught Error: Call to undefined function post_author_icon() in /www/wwwroot/bbs.wuttor.com/templates/home/index.php:73
Stack trace:
#0 /www/wwwroot/bbs.wuttor.com/core/View.php(35): include()
#1 /www/wwwroot/bbs.wuttor.com/core/Controller.php(73): View::render()
#2 /www/wwwroot/bbs.wuttor.com/app/Controllers/HomeController.php(80): Controller->view()
#3 [internal function]: HomeController->index()
#4 /www/wwwroot/bbs.wuttor.com/index.php(112): ReflectionMethod->invokeArgs()
#5 {main}
  thrown in /www/wwwroot/bbs.wuttor.com/templates/home/index.php on line 73
[22-Aug-2026 13:20:16 Asia/Shanghai] PHP Fatal error:  Uncaught Error: Call to undefined function post_author_icon() in /www/wwwroot/bbs.wuttor.com/templates/home/index.php:73
Stack trace:
#0 /www/wwwroot/bbs.wuttor.com/core/View.php(35): include()
#1 /www/wwwroot/bbs.wuttor.com/core/Controller.php(73): View::render()
#2 /www/wwwroot/bbs.wuttor.com/app/Controllers/HomeController.php(80): Controller->view()
#3 [internal function]: HomeController->index()
#4 /www/wwwroot/bbs.wuttor.com/index.php(112): ReflectionMethod->invokeArgs()
#5 {main}
  thrown in /www/wwwroot/bbs.wuttor.com/templates/home/index.php on line 73
[22-Aug-2026 13:20:24 Asia/Shanghai] PHP Fatal error:  Uncaught Error: Call to undefined function post_author_icon() in /www/wwwroot/bbs.wuttor.com/templates/home/index.php:73
Stack trace:
#0 /www/wwwroot/bbs.wuttor.com/core/View.php(35): include()
#1 /www/wwwroot/bbs.wuttor.com/core/Controller.php(73): View::render()
#2 /www/wwwroot/bbs.wuttor.com/app/Controllers/HomeController.php(80): Controller->view()
#3 [internal function]: HomeController->index()
#4 /www/wwwroot/bbs.wuttor.com/index.php(112): ReflectionMethod->invokeArgs()
#5 {main}
  thrown in /www/wwwroot/bbs.wuttor.com/templates/home/index.php on line 73
[22-Aug-2026 13:21:31 Asia/Shanghai] PHP Fatal error:  Uncaught Error: Call to undefined function post_author_icon() in /www/wwwroot/bbs.wuttor.com/templates/home/index.php:73
Stack trace:
#0 /www/wwwroot/bbs.wuttor.com/core/View.php(35): include()
#1 /www/wwwroot/bbs.wuttor.com/core/Controller.php(73): View::render()
#2 /www/wwwroot/bbs.wuttor.com/app/Controllers/HomeController.php(80): Controller->view()
#3 [internal function]: HomeController->index()
#4 /www/wwwroot/bbs.wuttor.com/index.php(112): ReflectionMethod->invokeArgs()
#5 {main}
  thrown in /www/wwwroot/bbs.wuttor.com/templates/home/index.php on line 73
[22-Aug-2026 13:24:25 Asia/Shanghai] PHP Fatal error:  Uncaught Error: Call to undefined function post_author_icon() in /www/wwwroot/bbs.wuttor.com/templates/home/index.php:73
Stack trace:
#0 /www/wwwroot/bbs.wuttor.com/core/View.php(35): include()
#1 /www/wwwroot/bbs.wuttor.com/core/Controller.php(73): View::render()
#2 /www/wwwroot/bbs.wuttor.com/app/Controllers/HomeController.php(80): Controller->view()
#3 [internal function]: HomeController->index()
#4 /www/wwwroot/bbs.wuttor.com/index.php(112): ReflectionMethod->invokeArgs()
#5 {main}
  thrown in /www/wwwroot/bbs.wuttor.com/templates/home/index.php on line 73
[22-Aug-2026 13:24:27 Asia/Shanghai] PHP Fatal error:  Uncaught Error: Call to undefined function post_author_icon() in /www/wwwroot/bbs.wuttor.com/templates/home/index.php:73
Stack trace:
#0 /www/wwwroot/bbs.wuttor.com/core/View.php(35): include()
#1 /www/wwwroot/bbs.wuttor.com/core/Controller.php(73): View::render()
#2 /www/wwwroot/bbs.wuttor.com/app/Controllers/HomeController.php(80): Controller->view()
#3 [internal function]: HomeController->index()
#4 /www/wwwroot/bbs.wuttor.com/index.php(112): ReflectionMethod->invokeArgs()
#5 {main}
  thrown in /www/wwwroot/bbs.wuttor.com/templates/home/index.php on line 73
[22-Aug-2026 13:25:10 Asia/Shanghai] PHP Fatal error:  Uncaught Error: Call to undefined function post_author_icon() in /www/wwwroot/bbs.wuttor.com/templates/home/index.php:73
Stack trace:
#0 /www/wwwroot/bbs.wuttor.com/core/View.php(35): include()
#1 /www/wwwroot/bbs.wuttor.com/core/Controller.php(73): View::render()
#2 /www/wwwroot/bbs.wuttor.com/app/Controllers/HomeController.php(80): Controller->view()
#3 [internal function]: HomeController->index()
#4 /www/wwwroot/bbs.wuttor.com/index.php(112): ReflectionMethod->invokeArgs()
#5 {main}
  thrown in /www/wwwroot/bbs.wuttor.com/templates/home/index.php on line 73
[22-Aug-2026 15:57:34 Asia/Shanghai] PHP Warning:  Undefined array key "change_email_old" in /www/wwwroot/bbs.wuttor.com/app/Controllers/EmailController.php on line 79
[22-Aug-2026 16:01:43 Asia/Shanghai] PHP Warning:  Undefined array key "change_email_old" in /www/wwwroot/bbs.wuttor.com/app/Controllers/EmailController.php on line 79
[22-Aug-2026 16:05:41 Asia/Shanghai] PHP Warning:  Undefined array key "change_email_old" in /www/wwwroot/bbs.wuttor.com/app/Controllers/EmailController.php on line 79
[22-Aug-2026 16:05:45 Asia/Shanghai] PHP Warning:  Undefined array key "change_email_new" in /www/wwwroot/bbs.wuttor.com/app/Controllers/EmailController.php on line 79
[22-Aug-2026 16:07:47 Asia/Shanghai] PHP Warning:  Undefined array key "change_email_old" in /www/wwwroot/bbs.wuttor.com/app/Controllers/EmailController.php on line 79
[23-Aug-2026 18:08:44 Asia/Shanghai] PHP Warning:  Undefined variable $file in /www/wwwroot/bbs.wuttor.com/app/Controllers/UploadController.php on line 28
[23-Aug-2026 18:08:44 Asia/Shanghai] PHP Warning:  Trying to access array offset on value of type null in /www/wwwroot/bbs.wuttor.com/app/Controllers/UploadController.php on line 28
[23-Aug-2026 18:08:44 Asia/Shanghai] PHP Warning:  Undefined variable $file in /www/wwwroot/bbs.wuttor.com/app/Controllers/UploadController.php on line 28
[23-Aug-2026 18:08:44 Asia/Shanghai] PHP Warning:  Trying to access array offset on value of type null in /www/wwwroot/bbs.wuttor.com/app/Controllers/UploadController.php on line 28
[23-Aug-2026 18:08:49 Asia/Shanghai] PHP Warning:  Undefined variable $file in /www/wwwroot/bbs.wuttor.com/app/Controllers/UploadController.php on line 28
[23-Aug-2026 18:08:49 Asia/Shanghai] PHP Warning:  Trying to access array offset on value of type null in /www/wwwroot/bbs.wuttor.com/app/Controllers/UploadController.php on line 28
[23-Aug-2026 18:08:49 Asia/Shanghai] PHP Warning:  Undefined variable $file in /www/wwwroot/bbs.wuttor.com/app/Controllers/UploadController.php on line 28
[23-Aug-2026 18:08:49 Asia/Shanghai] PHP Warning:  Trying to access array offset on value of type null in /www/wwwroot/bbs.wuttor.com/app/Controllers/UploadController.php on line 28
[29-Aug-2026 16:14:45 Asia/Shanghai] PHP Notice:  session_start(): Ignoring session_start() because a session is already active (started from D:\探花\BBS\_rc_test.php on line 12) in D:\探花\BBS\index.php on line 26
